// Jest Snapshot v1, https://goo.gl/fbAQLP

exports[`betterer should work when a test changes and makes the results better 1`] = `
Array [
  "
1 test got checked. 🤔
1 test got checked for the first time! 🎉

",
  "
   / | /     _         _   _                     
 '-.ooo.-'  | |__  ___| |_| |_ ___ _ __ ___ _ __ 
---ooooo--- | '_ // _ / __| __/ _ / '__/ _ / '__|
 .-'ooo'-.  | |_)|  __/ |_| ||  __/ | |  __/ |   
   / | /    |_.__//___|/__|/__/___|_|  /___|_|   
 

",
  "
   / | /     _         _   _                     
 '-.ooo.-'  | |__  ___| |_| |_ ___ _ __ ___ _ __ 
---ooooo--- | '_ // _ / __| __/ _ / '__/ _ / '__|
 .-'ooo'-.  | |_)|  __/ |_| ||  __/ | |  __/ |   
   / | /    |_.__//___|/__|/__/___|_|  /___|_|   
 
🎉 Betterer: 1 test done!
✅ no raw console calls: \\"no raw console calls\\" got better! 😍

",
  "
1 test got checked. 🤔
1 test got better! 😍

",
]
`;

exports[`betterer should work when a test changes and makes the results better 2`] = `
"// BETTERER RESULTS V2.
exports[\`no raw console calls\`] = {
  value: \`{
    \\"src/index.ts:913095150\\": [
      [0, 0, 11, \\"TSQuery match\\", \\"3870399096\\"],
      [2, 0, 11, \\"TSQuery match\\", \\"3870399096\\"]
    ]
  }\`
};
"
`;

exports[`betterer should work when a test gets better 1`] = `
Array [
  "
   / | /     _         _   _                     
 '-.ooo.-'  | |__  ___| |_| |_ ___ _ __ ___ _ __ 
---ooooo--- | '_ // _ / __| __/ _ / '__/ _ / '__|
 .-'ooo'-.  | |_)|  __/ |_| ||  __/ | |  __/ |   
   / | /    |_.__//___|/__|/__/___|_|  /___|_|   
 

",
  "",
  "
   / | /     _         _   _                     
 '-.ooo.-'  | |__  ___| |_| |_ ___ _ __ ___ _ __ 
---ooooo--- | '_ // _ / __| __/ _ / '__/ _ / '__|
 .-'ooo'-.  | |_)|  __/ |_| ||  __/ | |  __/ |   
   / | /    |_.__//___|/__|/__/___|_|  /___|_|   
 

",
  "
2 tests got checked. 🤔
2 tests got checked for the first time! 🎉

",
  "
   / | /     _         _   _                     
 '-.ooo.-'  | |__  ___| |_| |_ ___ _ __ ___ _ __ 
---ooooo--- | '_ // _ / __| __/ _ / '__/ _ / '__|
 .-'ooo'-.  | |_)|  __/ |_| ||  __/ | |  __/ |   
   / | /    |_.__//___|/__|/__/___|_|  /___|_|   
 

",
  "
   / | /     _         _   _                     
 '-.ooo.-'  | |__  ___| |_| |_ ___ _ __ ___ _ __ 
---ooooo--- | '_ // _ / __| __/ _ / '__/ _ / '__|
 .-'ooo'-.  | |_)|  __/ |_| ||  __/ | |  __/ |   
   / | /    |_.__//___|/__|/__/___|_|  /___|_|   
 
🎉 Betterer: 2 tests done!
✅ should shrink: \\"should shrink\\" got better! 😍
✅ should grow: \\"should grow\\" got better! 😍

",
  "
2 tests got checked. 🤔
2 tests got better! 😍

",
]
`;

exports[`betterer should work when a test gets better 2`] = `
"// BETTERER RESULTS V2.
exports[\`should shrink\`] = {
  value: \`1\`
};

exports[\`should grow\`] = {
  value: \`1\`
};
"
`;
