// Jest Snapshot v1, https://goo.gl/fbAQLP

exports[`betterer should report the existence of TSQuery matches 1`] = `
"// BETTERER RESULTS V2.
exports[\`tsquery no raw console.log\`] = {
  value: \`{
    \\"src/index.ts:4087252068\\": [
      [0, 0, 11, \\"TSQuery match\\", \\"3870399096\\"]
    ]
  }\`
};
"
`;

exports[`betterer should report the existence of TSQuery matches 2`] = `
Array [
  "
   / | /     _         _   _                     
 '-.ooo.-'  | |__  ___| |_| |_ ___ _ __ ___ _ __ 
---ooooo--- | '_ // _ / __| __/ _ / '__/ _ / '__|
 .-'ooo'-.  | |_)|  __/ |_| ||  __/ | |  __/ |   
   / | /    |_.__//___|/__|/__/___|_|  /___|_|   
 

",
  "",
  "
   / | /     _         _   _                     
 '-.ooo.-'  | |__  ___| |_| |_ ___ _ __ ___ _ __ 
---ooooo--- | '_ // _ / __| __/ _ / '__/ _ / '__|
 .-'ooo'-.  | |_)|  __/ |_| ||  __/ | |  __/ |   
   / | /    |_.__//___|/__|/__/___|_|  /___|_|   
 

",
  "
1 test got checked. 🤔
1 test got checked for the first time! 🎉

",
  "
   / | /     _         _   _                     
 '-.ooo.-'  | |__  ___| |_| |_ ___ _ __ ___ _ __ 
---ooooo--- | '_ // _ / __| __/ _ / '__/ _ / '__|
 .-'ooo'-.  | |_)|  __/ |_| ||  __/ | |  __/ |   
   / | /    |_.__//___|/__|/__/___|_|  /___|_|   
 

",
  "
   / | /     _         _   _                     
 '-.ooo.-'  | |__  ___| |_| |_ ___ _ __ ___ _ __ 
---ooooo--- | '_ // _ / __| __/ _ / '__/ _ / '__|
 .-'ooo'-.  | |_)|  __/ |_| ||  __/ | |  __/ |   
   / | /    |_.__//___|/__|/__/___|_|  /___|_|   
 
🎉 Betterer: 1 test done!
✅ tsquery no raw console.log: \\"tsquery no raw console.log\\" stayed the same. 😐

",
  "
1 test got checked. 🤔
1 test stayed the same. 😐

",
  "
   / | /     _         _   _                     
 '-.ooo.-'  | |__  ___| |_| |_ ___ _ __ ___ _ __ 
---ooooo--- | '_ // _ / __| __/ _ / '__/ _ / '__|
 .-'ooo'-.  | |_)|  __/ |_| ||  __/ | |  __/ |   
   / | /    |_.__//___|/__|/__/___|_|  /___|_|   
 
💥 Betterer: 1 test errored!
🔥 tsquery no raw console.log: \\"tsquery no raw console.log\\" got worse. 😔
  ▸ 1 existing issue in \\"<project>/fixtures/test-betterer-tsquery/src/index.ts\\".
  ▸ 1 new issue in \\"<project>/fixtures/test-betterer-tsquery/src/index.ts\\":
  ▸ TSQuery match
  ▸   1 | console.log('foo');
  ▸ > 2 | console.log('foo');
  ▸     | ^^^^^^^^^^^

",
  "
1 test got checked. 🤔
1 test got worse. 😔
Run \`betterer --update\` to force an update of the results file. 🆙

",
  "
   / | /     _         _   _                     
 '-.ooo.-'  | |__  ___| |_| |_ ___ _ __ ___ _ __ 
---ooooo--- | '_ // _ / __| __/ _ / '__/ _ / '__|
 .-'ooo'-.  | |_)|  __/ |_| ||  __/ | |  __/ |   
   / | /    |_.__//___|/__|/__/___|_|  /___|_|   
 
🎉 Betterer: 1 test done!
✅ tsquery no raw console.log: \\"tsquery no raw console.log\\" met its goal! 🎉

",
  "
1 test got checked. 🤔
1 test got better! 😍

",
  "
   / | /     _         _   _                     
 '-.ooo.-'  | |__  ___| |_| |_ ___ _ __ ___ _ __ 
---ooooo--- | '_ // _ / __| __/ _ / '__/ _ / '__|
 .-'ooo'-.  | |_)|  __/ |_| ||  __/ | |  __/ |   
   / | /    |_.__//___|/__|/__/___|_|  /___|_|   
 
🎉 Betterer: 1 test done!
✅ tsquery no raw console.log: \\"tsquery no raw console.log\\" has already met its goal! ✨

",
  "
1 test got checked. 🤔
1 test got checked for the first time! 🎉

",
]
`;

exports[`betterer should throw if there is no configFilePath 1`] = `Array []`;

exports[`betterer should throw if there is no query 1`] = `Array []`;
