// Jest Snapshot v1, https://goo.gl/fbAQLP

exports[`betterer should report the status of the TypeScript compiler 1`] = `
"// BETTERER RESULTS V2.
exports[\`typescript use strict mode\`] = {
  value: \`{
    \\"src/index.ts:1499252024\\": [
      [2, 12, 1, \\"The left-hand side of an arithmetic operation must be of type \\\\'any\\\\', \\\\'number\\\\', \\\\'bigint\\\\' or an enum type.\\", \\"177604\\"]
    ]
  }\`
};
"
`;

exports[`betterer should report the status of the TypeScript compiler 2`] = `
Array [
  "
   / | /     _         _   _                     
 '-.ooo.-'  | |__  ___| |_| |_ ___ _ __ ___ _ __ 
---ooooo--- | '_ // _ / __| __/ _ / '__/ _ / '__|
 .-'ooo'-.  | |_)|  __/ |_| ||  __/ | |  __/ |   
   / | /    |_.__//___|/__|/__/___|_|  /___|_|   
 

",
  "
1 test got checked. 🤔
1 test got checked for the first time! 🎉

",
  "
   / | /     _         _   _                     
 '-.ooo.-'  | |__  ___| |_| |_ ___ _ __ ___ _ __ 
---ooooo--- | '_ // _ / __| __/ _ / '__/ _ / '__|
 .-'ooo'-.  | |_)|  __/ |_| ||  __/ | |  __/ |   
   / | /    |_.__//___|/__|/__/___|_|  /___|_|   
 

",
  "
   / | /     _         _   _                     
 '-.ooo.-'  | |__  ___| |_| |_ ___ _ __ ___ _ __ 
---ooooo--- | '_ // _ / __| __/ _ / '__/ _ / '__|
 .-'ooo'-.  | |_)|  __/ |_| ||  __/ | |  __/ |   
   / | /    |_.__//___|/__|/__/___|_|  /___|_|   
 
🎉 Betterer: 1 test done!
✅ typescript use strict mode: \\"typescript use strict mode\\" stayed the same. 😐

",
  "
1 test got checked. 🤔
1 test stayed the same. 😐

",
  "
   / | /     _         _   _                     
 '-.ooo.-'  | |__  ___| |_| |_ ___ _ __ ___ _ __ 
---ooooo--- | '_ // _ / __| __/ _ / '__/ _ / '__|
 .-'ooo'-.  | |_)|  __/ |_| ||  __/ | |  __/ |   
   / | /    |_.__//___|/__|/__/___|_|  /___|_|   
 
💥 Betterer: 1 test errored!
🔥 typescript use strict mode: \\"typescript use strict mode\\" got worse. 😔
   ▸ 1 existing issue in \\"<project>/fixtures/test-betterer-typescript/src/index.ts\\".
   ▸ 1 new issue in \\"<project>/fixtures/test-betterer-typescript/src/index.ts\\":
   ▸ The right-hand side of an arithmetic operation must be of type 'any', 'number', 'bigint' or an enum type.
   ▸   1 | const a = 'a';
   ▸   2 | const one = 1;
   ▸ > 3 | console.log(a * one, one * a);
   ▸     |                            ^
   ▸
   ▸ Error: \\"typescript use strict mode\\" got worse. 😔
   ▸     at <project>/packages/reporter/dist/components/Runs.js:1526:25
   ▸     at step (<project>/node_modules/tslib/tslib.js:140:27)
   ▸     at Object.next (<project>/node_modules/tslib/tslib.js:121:57)
   ▸     at fulfilled (<project>/node_modules/tslib/tslib.js:111:62)
   ▸     at runNextTicks (internal/process/task_queues.js:62:5)
   ▸     at processTimers (internal/timers.js:489:9)

",
  "
1 test got checked. 🤔
1 test got worse. 😔
Run \`betterer --update\` to force an update of the results file. 🆙

",
  "
   / | /     _         _   _                     
 '-.ooo.-'  | |__  ___| |_| |_ ___ _ __ ___ _ __ 
---ooooo--- | '_ // _ / __| __/ _ / '__/ _ / '__|
 .-'ooo'-.  | |_)|  __/ |_| ||  __/ | |  __/ |   
   / | /    |_.__//___|/__|/__/___|_|  /___|_|   
 
🎉 Betterer: 1 test done!
✅ typescript use strict mode: \\"typescript use strict mode\\" met its goal! 🎉

",
  "
1 test got checked. 🤔
1 test got better! 😍

",
  "
   / | /     _         _   _                     
 '-.ooo.-'  | |__  ___| |_| |_ ___ _ __ ___ _ __ 
---ooooo--- | '_ // _ / __| __/ _ / '__/ _ / '__|
 .-'ooo'-.  | |_)|  __/ |_| ||  __/ | |  __/ |   
   / | /    |_.__//___|/__|/__/___|_|  /___|_|   
 
🎉 Betterer: 1 test done!
✅ typescript use strict mode: \\"typescript use strict mode\\" has already met its goal! ✨

",
  "
1 test got checked. 🤔
1 test got checked for the first time! 🎉

",
]
`;

exports[`betterer should throw if there is no configFilePath 1`] = `Array []`;

exports[`betterer should throw if there is no extraCompilerOptions 1`] = `Array []`;
