// Jest Snapshot v1, https://goo.gl/fbAQLP

exports[`betterer should report the existence of RegExp matches 1`] = `
"// BETTERER RESULTS V2.
exports[\`regexp no hack comments\`] = {
  value: \`{
    \\"src/index.ts:4126639614\\": [
      [0, 0, 7, \\"RegExp match\\", \\"645651780\\"]
    ]
  }\`
};
"
`;

exports[`betterer should report the existence of RegExp matches 2`] = `
Array [
  "
   / | /     _         _   _                     
 '-.ooo.-'  | |__  ___| |_| |_ ___ _ __ ___ _ __ 
---ooooo--- | '_ // _ / __| __/ _ / '__/ _ / '__|
 .-'ooo'-.  | |_)|  __/ |_| ||  __/ | |  __/ |   
   / | /    |_.__//___|/__|/__/___|_|  /___|_|   
 

",
  "
   / | /     _         _   _                     
 '-.ooo.-'  | |__  ___| |_| |_ ___ _ __ ___ _ __ 
---ooooo--- | '_ // _ / __| __/ _ / '__/ _ / '__|
 .-'ooo'-.  | |_)|  __/ |_| ||  __/ | |  __/ |   
   / | /    |_.__//___|/__|/__/___|_|  /___|_|   
 
🎉 Betterer: 1 test done!
✅ regexp no hack comments: \\"regexp no hack comments\\" got checked for the first time! 🎉

",
  "
1 test got checked. 🤔
1 test got checked for the first time! 🎉

",
  "
   / | /     _         _   _                     
 '-.ooo.-'  | |__  ___| |_| |_ ___ _ __ ___ _ __ 
---ooooo--- | '_ // _ / __| __/ _ / '__/ _ / '__|
 .-'ooo'-.  | |_)|  __/ |_| ||  __/ | |  __/ |   
   / | /    |_.__//___|/__|/__/___|_|  /___|_|   
 
🎉 Betterer: 1 test done!
✅ regexp no hack comments: \\"regexp no hack comments\\" stayed the same. 😐

",
  "
1 test got checked. 🤔
1 test stayed the same. 😐

",
  "
   / | /     _         _   _                     
 '-.ooo.-'  | |__  ___| |_| |_ ___ _ __ ___ _ __ 
---ooooo--- | '_ // _ / __| __/ _ / '__/ _ / '__|
 .-'ooo'-.  | |_)|  __/ |_| ||  __/ | |  __/ |   
   / | /    |_.__//___|/__|/__/___|_|  /___|_|   
 
💥 Betterer: 1 test errored!
🔥 regexp no hack comments: \\"regexp no hack comments\\" got worse. 😔
   ▸ 1 existing issue in \\"<project>/fixtures/test-betterer-regexp/src/index.ts\\".
   ▸ 1 new issue in \\"<project>/fixtures/test-betterer-regexp/src/index.ts\\":
   ▸ RegExp match
   ▸   1 | // HACK:
   ▸ > 2 | // HACK:
   ▸     | ^^^^^^^
   ▸
   ▸ Error: \\"regexp no hack comments\\" got worse. 😔
   ▸     at <project>/packages/reporter/dist/components/Runs.js:1526:25
   ▸     at step (<project>/node_modules/tslib/tslib.js:140:27)
   ▸     at Object.next (<project>/node_modules/tslib/tslib.js:121:57)
   ▸     at fulfilled (<project>/node_modules/tslib/tslib.js:111:62)

",
  "
1 test got checked. 🤔
1 test got worse. 😔
Run \`betterer --update\` to force an update of the results file. 🆙

",
  "
   / | /     _         _   _                     
 '-.ooo.-'  | |__  ___| |_| |_ ___ _ __ ___ _ __ 
---ooooo--- | '_ // _ / __| __/ _ / '__/ _ / '__|
 .-'ooo'-.  | |_)|  __/ |_| ||  __/ | |  __/ |   
   / | /    |_.__//___|/__|/__/___|_|  /___|_|   
 
🎉 Betterer: 1 test done!
✅ regexp no hack comments: \\"regexp no hack comments\\" met its goal! 🎉

",
  "
1 test got checked. 🤔
1 test got better! 😍

",
  "
   / | /     _         _   _                     
 '-.ooo.-'  | |__  ___| |_| |_ ___ _ __ ___ _ __ 
---ooooo--- | '_ // _ / __| __/ _ / '__/ _ / '__|
 .-'ooo'-.  | |_)|  __/ |_| ||  __/ | |  __/ |   
   / | /    |_.__//___|/__|/__/___|_|  /___|_|   
 
🎉 Betterer: 1 test done!
✅ regexp no hack comments: \\"regexp no hack comments\\" has already met its goal! ✨

",
  "
1 test got checked. 🤔
1 test got checked for the first time! 🎉

",
]
`;

exports[`betterer should throw if there is no regexp 1`] = `Array []`;
