// Jest Snapshot v1, https://goo.gl/fbAQLP

exports[`betterer should throws when reading the results file fails 1`] = `
Array [
  "
   / | /     _         _   _                     
 '-.ooo.-'  | |__  ___| |_| |_ ___ _ __ ___ _ __ 
---ooooo--- | '_ // _ / __| __/ _ / '__/ _ / '__|
 .-'ooo'-.  | |_)|  __/ |_| ||  __/ | |  __/ |   
   / | /    |_.__//___|/__|/__/___|_|  /___|_|   
 

",
]
`;

exports[`betterer should work when a test fails 1`] = `
Array [
  "
   / | /     _         _   _                     
 '-.ooo.-'  | |__  ___| |_| |_ ___ _ __ ___ _ __ 
---ooooo--- | '_ // _ / __| __/ _ / '__/ _ / '__|
 .-'ooo'-.  | |_)|  __/ |_| ||  __/ | |  __/ |   
   / | /    |_.__//___|/__|/__/___|_|  /___|_|   
 

",
  "
0 tests got checked. ðŸ¤”
1 test failed to run. ðŸ”¥

",
]
`;

exports[`betterer should work when a test fails 2`] = `"// BETTERER RESULTS V2."`;
