// Jest Snapshot v1, https://goo.gl/fbAQLP

exports[`betterer should work with named exports in the config file 1`] = `
Array [
  "
   / | /     _         _   _                     
 '-.ooo.-'  | |__  ___| |_| |_ ___ _ __ ___ _ __ 
---ooooo--- | '_ // _ / __| __/ _ / '__/ _ / '__|
 .-'ooo'-.  | |_)|  __/ |_| ||  __/ | |  __/ |   
   / | /    |_.__//___|/__|/__/___|_|  /___|_|   
 

",
  "
1 test got checked. 🤔
1 test got checked for the first time! 🎉

",
  "
   / | /     _         _   _                     
 '-.ooo.-'  | |__  ___| |_| |_ ___ _ __ ___ _ __ 
---ooooo--- | '_ // _ / __| __/ _ / '__/ _ / '__|
 .-'ooo'-.  | |_)|  __/ |_| ||  __/ | |  __/ |   
   / | /    |_.__//___|/__|/__/___|_|  /___|_|   
 

",
  "
   / | /     _         _   _                     
 '-.ooo.-'  | |__  ___| |_| |_ ___ _ __ ___ _ __ 
---ooooo--- | '_ // _ / __| __/ _ / '__/ _ / '__|
 .-'ooo'-.  | |_)|  __/ |_| ||  __/ | |  __/ |   
   / | /    |_.__//___|/__|/__/___|_|  /___|_|   
 
🎉 Betterer: 1 test done!
✅ getsBetter: \\"getsBetter\\" got better! 😍

",
  "
1 test got checked. 🤔
1 test got better! 😍

",
]
`;

exports[`betterer should work with named exports in the config file 2`] = `
"// BETTERER RESULTS V2.
exports[\`getsBetter\`] = {
  value: \`1\`
};
"
`;
